ports.c:11:6:setUserLED	8	static
ports.c:12:6:resetUserLED	8	static
ports.c:13:6:toggleUserLED	8	static
ports.c:15:6:setMotorStep	8	static
ports.c:16:6:resetMotorStep	8	static
ports.c:17:6:toggleMotorStep	8	static
ports.c:18:6:setMotorDirection	8	static
ports.c:19:6:resetMotorDirection	8	static
ports.c:20:6:setMotorM0	8	static
ports.c:21:6:resetMotorM0	8	static
ports.c:22:6:setMotorM1	8	static
ports.c:23:6:resetMotorM1	8	static
ports.c:24:6:setMotorM2	8	static
ports.c:25:6:resetMotorM2	8	static
ports.c:27:6:_writeMotorM0	16	static
ports.c:32:6:_writeMotorM1	16	static
ports.c:37:6:_writeMotorM2	16	static
ports.c:42:6:setMotorMode	16	static
